// Jest Snapshot v1, https://goo.gl/fbAQLP

exports[`Sidebar Button Props Test If onClick called 1`] = `
<div
  class="item container"
  data-testid="sidebar-button-test"
>
  <div
    class="icon container"
  >
    <img
      alt="Icon"
      class="filtered"
      src="icon"
      style="height: 15px; width: 15px;"
    />
  </div>
  <h3>
    text
  </h3>
</div>
`;

exports[`Sidebar Button Props Test If sidebarbutton rendered correctly 1`] = `
{
  "asFragment": [Function],
  "baseElement": <body>
    <div>
      <div
        class="item container"
        data-testid="sidebar-button-test"
      >
        <div
          class="icon container"
        >
          <img
            alt="Icon"
            class="filtered"
            src="icon"
            style="height: 15px; width: 15px;"
          />
        </div>
        <h3>
          text
        </h3>
      </div>
    </div>
  </body>,
  "container": <div>
    <div
      class="item container"
      data-testid="sidebar-button-test"
    >
      <div
        class="icon container"
      >
        <img
          alt="Icon"
          class="filtered"
          src="icon"
          style="height: 15px; width: 15px;"
        />
      </div>
      <h3>
        text
      </h3>
    </div>
  </div>,
  "debug": [Function],
  "findAllByAltText": [Function],
  "findAllByDisplayValue": [Function],
  "findAllByLabelText": [Function],
  "findAllByPlaceholderText": [Function],
  "findAllByRole": [Function],
  "findAllByTestId": [Function],
  "findAllByText": [Function],
  "findAllByTitle": [Function],
  "findByAltText": [Function],
  "findByDisplayValue": [Function],
  "findByLabelText": [Function],
  "findByPlaceholderText": [Function],
  "findByRole": [Function],
  "findByTestId": [Function],
  "findByText": [Function],
  "findByTitle": [Function],
  "getAllByAltText": [Function],
  "getAllByDisplayValue": [Function],
  "getAllByLabelText": [Function],
  "getAllByPlaceholderText": [Function],
  "getAllByRole": [Function],
  "getAllByTestId": [Function],
  "getAllByText": [Function],
  "getAllByTitle": [Function],
  "getByAltText": [Function],
  "getByDisplayValue": [Function],
  "getByLabelText": [Function],
  "getByPlaceholderText": [Function],
  "getByRole": [Function],
  "getByTestId": [Function],
  "getByText": [Function],
  "getByTitle": [Function],
  "queryAllByAltText": [Function],
  "queryAllByDisplayValue": [Function],
  "queryAllByLabelText": [Function],
  "queryAllByPlaceholderText": [Function],
  "queryAllByRole": [Function],
  "queryAllByTestId": [Function],
  "queryAllByText": [Function],
  "queryAllByTitle": [Function],
  "queryByAltText": [Function],
  "queryByDisplayValue": [Function],
  "queryByLabelText": [Function],
  "queryByPlaceholderText": [Function],
  "queryByRole": [Function],
  "queryByTestId": [Function],
  "queryByText": [Function],
  "queryByTitle": [Function],
  "rerender": [Function],
  "unmount": [Function],
}
`;
