// Jest Snapshot v1, https://goo.gl/fbAQLP

exports[`CustomPopup Props Test If CustomPopup rendered correctly 1`] = `
{
  "asFragment": [Function],
  "baseElement": <body>
    <div>
      <div
        class="popup-overlay"
        data-testid="custom-popup-test"
      >
        <div
          class="popup-content"
        >
          <h2>
            Are you sure?
          </h2>
          <p>
            Do you really want to delete this?
          </p>
          <div
            class="popup-buttons"
          >
            <input
              class="primary-button"
              data-testid="primary-button-test"
              type="button"
              value="Confirm"
            />
            <input
              class="secondary-button"
              data-testid="secondary-button-test"
              type="button"
              value="Cancel"
            />
          </div>
        </div>
      </div>
    </div>
  </body>,
  "container": <div>
    <div
      class="popup-overlay"
      data-testid="custom-popup-test"
    >
      <div
        class="popup-content"
      >
        <h2>
          Are you sure?
        </h2>
        <p>
          Do you really want to delete this?
        </p>
        <div
          class="popup-buttons"
        >
          <input
            class="primary-button"
            data-testid="primary-button-test"
            type="button"
            value="Confirm"
          />
          <input
            class="secondary-button"
            data-testid="secondary-button-test"
            type="button"
            value="Cancel"
          />
        </div>
      </div>
    </div>
  </div>,
  "debug": [Function],
  "findAllByAltText": [Function],
  "findAllByDisplayValue": [Function],
  "findAllByLabelText": [Function],
  "findAllByPlaceholderText": [Function],
  "findAllByRole": [Function],
  "findAllByTestId": [Function],
  "findAllByText": [Function],
  "findAllByTitle": [Function],
  "findByAltText": [Function],
  "findByDisplayValue": [Function],
  "findByLabelText": [Function],
  "findByPlaceholderText": [Function],
  "findByRole": [Function],
  "findByTestId": [Function],
  "findByText": [Function],
  "findByTitle": [Function],
  "getAllByAltText": [Function],
  "getAllByDisplayValue": [Function],
  "getAllByLabelText": [Function],
  "getAllByPlaceholderText": [Function],
  "getAllByRole": [Function],
  "getAllByTestId": [Function],
  "getAllByText": [Function],
  "getAllByTitle": [Function],
  "getByAltText": [Function],
  "getByDisplayValue": [Function],
  "getByLabelText": [Function],
  "getByPlaceholderText": [Function],
  "getByRole": [Function],
  "getByTestId": [Function],
  "getByText": [Function],
  "getByTitle": [Function],
  "queryAllByAltText": [Function],
  "queryAllByDisplayValue": [Function],
  "queryAllByLabelText": [Function],
  "queryAllByPlaceholderText": [Function],
  "queryAllByRole": [Function],
  "queryAllByTestId": [Function],
  "queryAllByText": [Function],
  "queryAllByTitle": [Function],
  "queryByAltText": [Function],
  "queryByDisplayValue": [Function],
  "queryByLabelText": [Function],
  "queryByPlaceholderText": [Function],
  "queryByRole": [Function],
  "queryByTestId": [Function],
  "queryByText": [Function],
  "queryByTitle": [Function],
  "rerender": [Function],
  "unmount": [Function],
}
`;
