// Jest Snapshot v1, https://goo.gl/fbAQLP

exports[`Sidebar Props Test If Sidebar rendered correctly 1`] = `
{
  "asFragment": [Function],
  "baseElement": <body>
    <div>
      <div
        class="sidebar"
      >
        <div
          class="sidebar-items"
        >
          <div
            class="item container"
            data-testid="sidebar-button-test"
          >
            <div
              class="icon container"
            >
              <img
                alt="Icon"
                class="filtered"
                src="/assets/icons/employees.svg"
                style="height: 15px; width: 15px;"
              />
            </div>
            <h3>
              Employee List
            </h3>
          </div>
          <div
            class="item container"
            data-testid="sidebar-button-test"
          >
            <div
              class="icon container"
            >
              <img
                alt="Icon"
                class="filtered"
                src="/assets/icons/job_icon.png"
                style="height: 15px; width: 15px;"
              />
            </div>
            <h3>
              Job Openings
            </h3>
          </div>
          <div
            class="item container"
            data-testid="sidebar-button-test"
          >
            <div
              class="icon container"
            >
              <img
                alt="Icon"
                class="filtered"
                src="/assets/icons/my_referrals.png"
                style="height: 15px; width: 15px;"
              />
            </div>
            <h3>
              My Referrals
            </h3>
          </div>
          <div
            class="item container"
            data-testid="sidebar-button-test"
          >
            <div
              class="icon container"
            >
              <img
                alt="Icon"
                class="filtered"
                src="/assets/icons/all_referrals.png"
                style="height: 15px; width: 15px;"
              />
            </div>
            <h3>
              All Referrals
            </h3>
          </div>
        </div>
      </div>
    </div>
  </body>,
  "container": <div>
    <div
      class="sidebar"
    >
      <div
        class="sidebar-items"
      >
        <div
          class="item container"
          data-testid="sidebar-button-test"
        >
          <div
            class="icon container"
          >
            <img
              alt="Icon"
              class="filtered"
              src="/assets/icons/employees.svg"
              style="height: 15px; width: 15px;"
            />
          </div>
          <h3>
            Employee List
          </h3>
        </div>
        <div
          class="item container"
          data-testid="sidebar-button-test"
        >
          <div
            class="icon container"
          >
            <img
              alt="Icon"
              class="filtered"
              src="/assets/icons/job_icon.png"
              style="height: 15px; width: 15px;"
            />
          </div>
          <h3>
            Job Openings
          </h3>
        </div>
        <div
          class="item container"
          data-testid="sidebar-button-test"
        >
          <div
            class="icon container"
          >
            <img
              alt="Icon"
              class="filtered"
              src="/assets/icons/my_referrals.png"
              style="height: 15px; width: 15px;"
            />
          </div>
          <h3>
            My Referrals
          </h3>
        </div>
        <div
          class="item container"
          data-testid="sidebar-button-test"
        >
          <div
            class="icon container"
          >
            <img
              alt="Icon"
              class="filtered"
              src="/assets/icons/all_referrals.png"
              style="height: 15px; width: 15px;"
            />
          </div>
          <h3>
            All Referrals
          </h3>
        </div>
      </div>
    </div>
  </div>,
  "debug": [Function],
  "findAllByAltText": [Function],
  "findAllByDisplayValue": [Function],
  "findAllByLabelText": [Function],
  "findAllByPlaceholderText": [Function],
  "findAllByRole": [Function],
  "findAllByTestId": [Function],
  "findAllByText": [Function],
  "findAllByTitle": [Function],
  "findByAltText": [Function],
  "findByDisplayValue": [Function],
  "findByLabelText": [Function],
  "findByPlaceholderText": [Function],
  "findByRole": [Function],
  "findByTestId": [Function],
  "findByText": [Function],
  "findByTitle": [Function],
  "getAllByAltText": [Function],
  "getAllByDisplayValue": [Function],
  "getAllByLabelText": [Function],
  "getAllByPlaceholderText": [Function],
  "getAllByRole": [Function],
  "getAllByTestId": [Function],
  "getAllByText": [Function],
  "getAllByTitle": [Function],
  "getByAltText": [Function],
  "getByDisplayValue": [Function],
  "getByLabelText": [Function],
  "getByPlaceholderText": [Function],
  "getByRole": [Function],
  "getByTestId": [Function],
  "getByText": [Function],
  "getByTitle": [Function],
  "queryAllByAltText": [Function],
  "queryAllByDisplayValue": [Function],
  "queryAllByLabelText": [Function],
  "queryAllByPlaceholderText": [Function],
  "queryAllByRole": [Function],
  "queryAllByTestId": [Function],
  "queryAllByText": [Function],
  "queryAllByTitle": [Function],
  "queryByAltText": [Function],
  "queryByDisplayValue": [Function],
  "queryByLabelText": [Function],
  "queryByPlaceholderText": [Function],
  "queryByRole": [Function],
  "queryByTestId": [Function],
  "queryByText": [Function],
  "queryByTitle": [Function],
  "rerender": [Function],
  "unmount": [Function],
}
`;
